main.c:106:6:setTimerIncrement	16	static
main.c:111:6:setTimerBlinking	16	static
main.c:116:6:setTimer1s	16	static
main.c:122:6:timer_run	4	static
main.c:147:6:turn_on_pin_traffic	16	static
main.c:175:6:turn_on_pin_seg0	16	static
main.c:202:6:turn_on_pin_seg1	16	static
main.c:233:6:display7SEG	16	static
main.c:547:6:display_value	16	static
main.c:564:6:turn_off_display_value	8	static
main.c:572:6:choosing_red_value	8	static
main.c:583:6:choosing_yellow_value	8	static
main.c:594:6:choosing_green_value	8	static
main.c:605:6:save_red_value	8	static
main.c:611:6:save_yellow_value	8	static
main.c:617:6:save_green_value	4	static
main.c:627:6:blink_all_red	8	static
main.c:642:6:blink_all_ambient	8	static
main.c:657:6:blink_all_green	8	static
main.c:671:6:display_mode	16	static
main.c:676:6:clear_all_flag	4	static
main.c:684:6:turnonTraffigLights	16	static
main.c:726:6:displayTrafficLight1	16	static
main.c:731:6:traffic_light_running	8	static
main.c:805:6:system_running	8	static
main.c:880:5:main	8	static
main.c:925:6:SystemClock_Config	72	static
main.c:961:13:MX_TIM2_Init	32	static
main.c:1006:13:MX_GPIO_Init	32	static
main.c:1061:6:HAL_TIM_PeriodElapsedCallback	16	static
main.c:1074:6:Error_Handler	4	static,ignoring_inline_asm
